RLU8 Object Linker, Ver.1.51.2 Linkage Information
[Tue Aug 05 16:24:39 2014]


                         ------------------
                          Control Synopsis
                         ------------------

I/O controls:    D  SD NS NA
Other controls: CC STACK( 0100H(256) )
                COMB( $$content_of_init $$end_of_init )
                COMB( $$init_info $$init_info_end )



                        ------------------------
                         Object Module Synopsis
                        ------------------------
                                                                Creator
Module Name           File Name                                 CCU8     RASU8
-----------           ---------                                 -----    -----
i2c                   _output\_obj\i2c.obj                      3.41     1.61
irq                   _output\_obj\irq.obj                      3.41     1.61
main                  _output\_obj\main.obj                     3.41     1.61
ml610111              _output\_obj\ml610111.obj                 -.--     1.61
tbc                   _output\_obj\tbc.obj                      3.41     1.61
timer                 _output\_obj\timer.obj                    3.41     1.61
uart                  _output\_obj\uart.obj                     3.41     1.61
ULDIVSW               longu8.lib                                -.--     1.04
DIV32SW               longu8.lib                                -.--     1.04
UIDIVSW               longu8.lib                                -.--     1.04
CIDIMOSW              longu8.lib                                -.--     1.04


Number of Modules: 11

Number of Symbols:
 +---------------------------------------------------------------------------+
 |          | CODE | DATA | BIT  |NVDATA|NVBIT |TABLE |NUMBER| TBIT || total |
 |----------+------+------+------+------+------+------+------+------++-------|
 | SEGMENT  |   105|     4|     0|     0|     0|    10|      |      ||    119|
 |----------+------+------+------+------+------+------+------+------++-------|
 | COMMUNAL |     0|     4|     0|     0|     0|     0|      |      ||      4|
 |----------+------+------+------+------+------+------+------+------++-------|
 | PUBLIC   |    50|     0|     0|     0|     0|     0|     0|     0||     50|
 +---------------------------------------------------------------------------+

Target:  ML610111 
Model:   SMALL


Memory Map - Program memory space #0:
      Type     Start      Stop
     -----------------------------
      ROM      00:0000    00:5FFF

Memory Map - Data memory space #0:
      Type     Start      Stop
     -----------------------------
      RAM      00:E000    00:E7FF
      RAM      00:F000    00:FFFF

Memory Map - Memory space above #1:
      Type     Start      Stop
     -----------------------------
      ROM      02:0000    02:0FFF
      ROM      08:0000    08:5FFF
      ROM      0A:0000    0A:0FFF

                         ------------------
                          Segment Synopsis
                         ------------------

Link Map - Program memory space #0 ( ROMWINDOW: 0000 - 5FFF )

      Type     Start      Stop       Size              Name
     -------------------------------------------------------
      S CODE   00:0000    00:0001    0002(2)           (absolute)
      S CODE   00:0002    00:0003    0002(2)           (absolute)
      S CODE   00:0004    00:0005    0002(2)           (absolute)
      S CODE   00:0006    00:0007    0002(2)           $$ExtInt_ISR$main
      S CODE   00:0008    00:0009    0002(2)           (absolute)
      S CODE   00:000A    00:000B    0002(2)           $$_intUndefHdr$irq
      S CODE   00:000C    00:0077    006C(108)         (absolute)
      S TABLE  00:0078    00:009F    0028(40)          $$NINITTAB
      S TABLE  00:00A0    00:00A7    0008(8)           $$init_info
      S TABLE  00:00A8    00:00A9    0002(2)           $$init_info_end
      S TABLE  00:00AA    00:00B7    000E(14)          $$NTABferam_continue$main
      S TABLE  00:00B8    00:00C1    000A(10)          $$TAB_uartSetParam$main
      S TABLE  00:00C2    00:00CF    000E(14)          $$NTAB_i2cFin$main
      S CODE   00:00D0    00:00F9    002A(42)          $$uart_PortSet$uart
      S CODE   00:00FA    00:0115    001C(28)          $$_intT16HINT$irq
      S CODE   00:0116    00:0131    001C(28)          $$_intPB0INT$irq
      S CODE   00:0132    00:014D    001C(28)          $$_intPB1INT$irq
      S CODE   00:014E    00:025D    0110(272)         $$uart_continue$uart
      S CODE   00:025E    00:0279    001C(28)          $$_intPA0INT$irq
      S CODE   00:027A    00:0295    001C(28)          $$_intPA1INT$irq
      S CODE   00:0296    00:02B1    001C(28)          $$_intCMP1INT$irq
      S CODE   00:02B2    00:02B9    0008(8)           $$main_reqNotHalt$main
      S CODE   00:02BA    00:02D5    001C(28)          $$_intCMP0INT$irq
      S CODE   00:02D6    00:02D9    0004(4)           $$_intUart$main
      S CODE   00:02DA    00:030F    0036(54)          $$feram_init$main
      S CODE   00:0310    00:0310    0000(0)           $$content_of_init
      S CODE   00:0310    00:0311    0002(2)           $$end_of_init
      S CODE   00:0312    00:031F    000E(14)          $$uart_ErrSet$uart
      S CODE   00:0320    00:033B    001C(28)          $$_intTM8INT$irq
      S CODE   00:033C    00:0357    001C(28)          $$_intTM9INT$irq
      S CODE   00:0358    00:0373    001C(28)          $$_intTMEINT$irq
      S CODE   00:0374    00:038F    001C(28)          $$_intTMAINT$irq
      S CODE   00:0390    00:03AB    001C(28)          $$_intUA0INT$irq
      S CODE   00:03AC    00:03C7    001C(28)          $$_intUA1INT$irq
      S CODE   00:03C8    00:03EB    0024(36)          $$NOPx$main
      S CODE   00:03EC    00:0473    0088(136)         $$i2c_startReceive$i2c
      S CODE   00:0474    00:0487    0014(20)          $$main_clrWDT$main
      S CODE   00:0488    00:04CD    0046(70)          $$feram_read$main
      S CODE   00:04CE    00:04FF    0032(50)          $$irq_setHdr$irq
      S CODE   00:0500    00:0513    0014(20)          $$TMREF_ISR$main
      S CODE   00:0514    00:0517    0004(4)           $$irq_di$irq
      S CODE   00:0518    00:051B    0004(4)           $$irq_ei$irq
      S CODE   00:051C    00:05EF    00D4(212)         $$feram_continue$main
      S CODE   00:05F0    00:05F7    0008(8)           $$TBC_ISR$main
      S CODE   00:05F8    00:0613    001C(28)          $$_intT2HINT$irq
      S CODE   00:0614    00:0615    0002(2)           $$_intNullHdr$irq
      S CODE   00:0616    00:0767    0152(338)         $$uart_init$uart
      S CODE   00:0768    00:0793    002C(44)          $$feram_stop$main
      S CODE   00:0794    00:07BD    002A(42)          $$uart_PortClear$uart
      S CODE   00:07BE    00:07D1    0014(20)          $$TMR89_ISR$main
      S CODE   00:07D2    00:0895    00C4(196)         $$PortB_Low$main
      S CODE   00:0896    00:08A9    0014(20)          $$TMRAB_ISR$main
      S CODE   00:08AA    00:09DF    0136(310)         $$i2c_init$i2c
      S CODE   00:09E0    00:09FB    001C(28)          $$_intPWDINT$irq
      S CODE   00:09FC    00:0A17    001C(28)          $$_intPWEINT$irq
      S CODE   00:0A18    00:0B37    0120(288)         $$_i2cFin$main
      S CODE   00:0B38    00:0B53    001C(28)          $$_intPWFINT$irq
      S CODE   00:0B54    00:0B9F    004C(76)          $$PortA_Low$main
      S CODE   00:0BA0    00:0BBB    001C(28)          $$_intPWCINT$irq
      S CODE   00:0BBC    00:0BF3    0038(56)          $$tm_init$timer
      S CODE   00:0BF4    00:0C21    002E(46)          $$i2c_stop$i2c
      S CODE   00:0C22    00:0C41    0020(32)          $$uldivu8sw
      S CODE   00:0C42    00:0C4B    000A(10)          $$_branchHdr$irq
      S CODE   00:0C4C    00:0CD5    008A(138)         $$main$main
      S CODE   00:0CD6    00:0CF1    001C(28)          $$uart_stop$uart
      S CODE   00:0CF2    00:0D55    0064(100)         $$PortC_Low$main
      S CODE   00:0D56    00:0D95    0040(64)          $$cidimou8sw
      S CODE   00:0D96    00:0FFD    0268(616)         $$Initialization$main
      S CODE   00:0FFE    00:1005    0008(8)           $$_intADC$main
      S CODE   00:1006    00:1011    000C(12)          $$uidivu8sw
      S CODE   00:1012    00:101D    000C(12)          $$_intI2c$main
      S CODE   00:101E    00:128D    0270(624)         $$i2c_continue$i2c
      S CODE   00:128E    00:12A9    001C(28)          $$_intPB2INT$irq
      S CODE   00:12AA    00:12C5    001C(28)          $$_intPB3INT$irq
      S CODE   00:12C6    00:12E1    001C(28)          $$_intPA2INT$irq
      S CODE   00:12E2    00:12FD    001C(28)          $$_intT32HINT$irq
      S CODE   00:12FE    00:1319    001C(28)          $$_intVLSINT$irq
      S CODE   00:131A    00:137D    0064(100)         $$feram_write$main
      S CODE   00:137E    00:139D    0020(32)          $$SetOSC$main
      S CODE   00:139E    00:13B9    001C(28)          $$_intSADINT$irq
      S CODE   00:13BA    00:13D5    001C(28)          $$_intT128HINT$irq
      S CODE   00:13D6    00:13EF    001A(26)          $$_intWDTINT$irq
      S CODE   00:13F0    00:140B    001C(28)          $$_intTMFINT$irq
      S CODE   00:140C    00:1427    001C(28)          $$_intTMBINT$irq
      S CODE   00:1428    00:1443    001C(28)          $$_intI2CSINT$irq
      S CODE   00:1444    00:145F    001C(28)          $$_intSIO0INT$irq
      S CODE   00:1460    00:14EF    0090(144)         $$NCODml610111sw
      S CODE   00:14F0    00:151D    002E(46)          $$div32u8sw
      S CODE   00:151E    00:1539    001C(28)          $$_intI2CMINT$irq
      S CODE   00:153A    00:15B3    007A(122)         $$i2c_startSend$i2c
>GAP<          00:15B4    00:5FDF    4A2C(18988)       (ROM)
      S CODE   00:5FE0    00:5FFF    0020(32)          (absolute)


Link Map - Data memory space #0

      Type     Start      Stop       Size              Name
     -------------------------------------------------------
      Q ROMWIN 00:0000    00:5FFF    6000(24576)       (ROMWIN)
>GAP<          00:E000.0  00:E693.7  0694.0(1684.0)    (RAM)
      S DATA   00:E694    00:E793    0100(256)         $STACK
      S DATA   00:E794    00:E794    0001(1)           $$NVARuart
>GAP<          00:E795.0  00:E795.7  0001.0(1.0)       (RAM)
      S DATA   00:E796    00:E7D3    003E(62)          $$NVARirq
      C DATA   00:E7D4    00:E7D4    0001(1)           __flgADCFin
      C DATA   00:E7D5    00:E7D5    0001(1)           __reqNotHalt
      S DATA   00:E7D6    00:E7FD    0028(40)          $$NINITVAR
      C DATA   00:E7FE    00:E7FE    0001(1)           __flgI2CFin
      C DATA   00:E7FF    00:E7FF    0001(1)           __flgUartFin
      Q SFR    00:F000    00:FFFF    1000(4096)        (SFR)


Link Map - Memory space above #1

      Type     Start      Stop       Size              Name
     -------------------------------------------------------
 ---
      S TABLE  02:0000    02:0FFF    1000(4096)        (absolute)
 ---
      S TABLE  08:0000    08:5FFF    6000(24576)       (absolute)
 ---
      S TABLE  0A:0000    0A:0FFF    1000(4096)        (absolute)


Not Linked segments:

      Module Name         Type       Size              Segment Name 
     --------------------------------------------------------------
      i2c
                          CODE       0006(6)           $$i2c_getTransSize$i2c
                          CODE       0020(32)          $$i2c_checkIRQ$i2c
                          CODE       0006(6)           $$i2c_clearIRQ$i2c
     --------------------------------------------------------------
      irq
                          CODE       0064(100)         $$irq_init$irq
     --------------------------------------------------------------
      main
                          CODE       000E(14)          $$PWM_B0_ON$main
                          TABLE      0000(0)           $$NTABmain
                          CODE       0012(18)          $$_funcI2CFin$main
                          CODE       0030(48)          $$PinB0_PWM$main
                          CODE       0006(6)           $$feram_getStatus$main
                          CODE       001A(26)          $$analog_comparator$main
                          CODE       0040(64)          $$PortA_Digital_Inputs$main
                          CODE       0012(18)          $$_funcUartFin$main
                          CODE       009C(156)         $$UART_TX_TEST$main
                          CODE       006C(108)         $$UART_RX_TEST$main
     --------------------------------------------------------------
      uart
                          CODE       0006(6)           $$uart_clearIRQ$uart
                          CODE       0020(32)          $$uart_checkIRQ$uart
                          CODE       0056(86)          $$uart_startSend$uart
                          CODE       0008(8)           $$uart_ErrClr$uart
                          CODE       0006(6)           $$uart_ErrGet$uart
                          CODE       0006(6)           $$uart_getTransSize$uart
                          CODE       0042(66)          $$uart_startReceive$uart
     --------------------------------------------------------------


Total size (CODE  ) = 0157C   (5500)
Total size (DATA  ) = 0016B   (363)
Total size (BIT   ) = 00000.0 (0.0)
Total size (NVDATA) = 00000   (0)
Total size (NVBIT ) = 00000.0 (0.0)
Total size (TABLE ) = 08058   (32856)

          -----------------------
           Symbol Table Synopsis
          -----------------------

Module         Value     Type         Symbol
------         -----     ----------   ------
i2c
               00:0BF4   Pub CODE     _i2c_stop
               00:03EC   Pub CODE     _i2c_startReceive
               00:101E   Pub CODE     _i2c_continue
               00:153A   Pub CODE     _i2c_startSend
               00:08AA   Pub CODE     _i2c_init
               00:E7D6   Loc DATA     __gsCtrlParam

Module         Value     Type         Symbol
------         -----     ----------   ------
irq
               00:0296   Loc CODE     __intCMP1INT
               00:12E2   Loc CODE     __intT32HINT
               00:02BA   Loc CODE     __intCMP0INT
               00:0320   Loc CODE     __intTM8INT
               00:033C   Loc CODE     __intTM9INT
               00:13BA   Loc CODE     __intT128HINT
               00:05F8   Loc CODE     __intT2HINT
               00:151E   Loc CODE     __intI2CMINT
               00:13D6   Loc CODE     __intWDTINT
               00:025E   Loc CODE     __intPA0INT
               00:0374   Loc CODE     __intTMAINT
               00:027A   Loc CODE     __intPA1INT
               00:1444   Loc CODE     __intSIO0INT
               00:1428   Loc CODE     __intI2CSINT
               00:139E   Loc CODE     __intSADINT
               00:0116   Loc CODE     __intPB0INT
               00:0C42   Loc CODE     __branchHdr
               00:0358   Loc CODE     __intTMEINT
               00:0132   Loc CODE     __intPB1INT
               00:140C   Loc CODE     __intTMBINT
               00:12C6   Loc CODE     __intPA2INT
               00:00FA   Loc CODE     __intT16HINT
               00:13F0   Loc CODE     __intTMFINT
               00:128E   Loc CODE     __intPB2INT
               00:12AA   Loc CODE     __intPB3INT
               00:09E0   Loc CODE     __intPWDINT
               00:09FC   Loc CODE     __intPWEINT
               00:0BA0   Loc CODE     __intPWCINT
               00:0390   Loc CODE     __intUA0INT
               00:000A   Loc CODE     __intUndefHdr
               00:03AC   Loc CODE     __intUA1INT
               00:0B38   Loc CODE     __intPWFINT
               00:12FE   Loc CODE     __intVLSINT
               00:0514   Pub CODE     _irq_di
               00:0518   Pub CODE     _irq_ei
               00:04CE   Pub CODE     _irq_setHdr
               00:0614   Loc CODE     __intNullHdr
               00:E796   Loc DATA     __sIrqHdr

Module         Value     Type         Symbol
------         -----     ----------   ------
main
               00:02DA   Pub CODE     _feram_init
               00:131A   Pub CODE     _feram_write
               00:051C   Pub CODE     _feram_continue
               00:0474   Pub CODE     _main_clrWDT
               00:02B2   Pub CODE     _main_reqNotHalt
               00:03C8   Pub CODE     _NOPx
               00:0C4C   Pub CODE     _main
               00:0CF2   Pub CODE     _PortC_Low
               00:0488   Pub CODE     _feram_read
               00:07D2   Pub CODE     _PortB_Low
               00:0B54   Pub CODE     _PortA_Low
               00:0768   Pub CODE     _feram_stop
               00:0006   Loc CODE     _ExtInt_ISR
               00:05F0   Loc CODE     _TBC_ISR
               00:0896   Loc CODE     _TMRAB_ISR
               00:0D96   Loc CODE     _Initialization
               00:02D6   Loc CODE     __intUart
               00:1012   Loc CODE     __intI2c
               00:137E   Loc CODE     _SetOSC
               00:0FFE   Loc CODE     __intADC
               00:07BE   Loc CODE     _TMR89_ISR
               00:0A18   Loc CODE     __i2cFin
               00:0500   Loc CODE     _TMREF_ISR
               00:00B8   Loc TABLE    __uartSetParam
               00:E7E6   Loc DATA     __gsCtrlParam

Module         Value     Type         Symbol
------         -----     ----------   ------
ml610111
              0000E7FF   Loc NUMBER   NEAR_RAM_END
              0000E000   Loc NUMBER   NEAR_RAM_START
               00:1482   Loc CODE     __wdtcounter_clear
              000000FF   Loc NUMBER   _$$WINVAL
               00:5FFF   Loc TABLE    _$$ROMWINEND
               00:1464   Loc CODE     $begin
               00:0000   Loc TABLE    _$$ROMWINSTART
               00:1496   Loc CODE     __init_loop
               00:14E2   Loc CODE     __init_end
               00:1462   Loc CODE     $$brk_reset
               00:14A2   Loc CODE     __skip
               00:14BE   Loc CODE     __init_loop2
               00:14D0   Loc CODE     __loop_by_byte
               00:1472   Loc CODE     __near_ram_loop
               00:1460   Pub CODE     $$start_up


Module         Value     Type         Symbol
------         -----     ----------   ------
tbc

Module         Value     Type         Symbol
------         -----     ----------   ------
timer
               00:0BBC   Pub CODE     _tm_init

Module         Value     Type         Symbol
------         -----     ----------   ------
uart
               00:00D0   Pub CODE     _uart_PortSet
               00:0616   Pub CODE     _uart_init
               00:0312   Pub CODE     _uart_ErrSet
               00:0CD6   Pub CODE     _uart_stop
               00:014E   Pub CODE     _uart_continue
               00:0794   Pub CODE     _uart_PortClear
               00:E794   Loc DATA     __Err_Status
               00:E7F4   Loc DATA     __gsCtrlParam

End of mapfile.
