RLU8 Object Linker, Ver.1.51.2 Linkage Information
[Tue Jul 29 18:15:57 2014]


                         ------------------
                          Control Synopsis
                         ------------------

I/O controls:    D  SD NS NA
Other controls: CC STACK( 0100H(256) )
                COMB( $$content_of_init $$end_of_init )
                COMB( $$init_info $$init_info_end )



                        ------------------------
                         Object Module Synopsis
                        ------------------------
                                                                Creator
Module Name           File Name                                 CCU8     RASU8
-----------           ---------                                 -----    -----
i2c                   _output\_obj\i2c.obj                      3.41     1.61
irq                   _output\_obj\irq.obj                      3.41     1.61
main                  _output\_obj\main.obj                     3.41     1.61
ml610111              _output\_obj\ml610111.obj                 -.--     1.61
tbc                   _output\_obj\tbc.obj                      3.41     1.61
timer                 _output\_obj\timer.obj                    3.41     1.61
uart                  _output\_obj\uart.obj                     3.41     1.61
ULDIVSW               longu8.lib                                -.--     1.04
DIV32SW               longu8.lib                                -.--     1.04
UIDIVSW               longu8.lib                                -.--     1.04
CIDIMOSW              longu8.lib                                -.--     1.04


Number of Modules: 11

Number of Symbols:
 +---------------------------------------------------------------------------+
 |          | CODE | DATA | BIT  |NVDATA|NVBIT |TABLE |NUMBER| TBIT || total |
 |----------+------+------+------+------+------+------+------+------++-------|
 | SEGMENT  |   101|     4|     0|     0|     0|     7|      |      ||    112|
 |----------+------+------+------+------+------+------+------+------++-------|
 | COMMUNAL |     0|     4|     0|     0|     0|     0|      |      ||      4|
 |----------+------+------+------+------+------+------+------+------++-------|
 | PUBLIC   |    47|     0|     0|     0|     0|     0|     0|     0||     47|
 +---------------------------------------------------------------------------+

Target:  ML610111 
Model:   SMALL


Memory Map - Program memory space #0:
      Type     Start      Stop
     -----------------------------
      ROM      00:0000    00:5FFF

Memory Map - Data memory space #0:
      Type     Start      Stop
     -----------------------------
      RAM      00:E000    00:E7FF
      RAM      00:F000    00:FFFF

Memory Map - Memory space above #1:
      Type     Start      Stop
     -----------------------------
      ROM      02:0000    02:0FFF
      ROM      08:0000    08:5FFF
      ROM      0A:0000    0A:0FFF

                         ------------------
                          Segment Synopsis
                         ------------------

Link Map - Program memory space #0 ( ROMWINDOW: 0000 - 5FFF )

      Type     Start      Stop       Size              Name
     -------------------------------------------------------
      S CODE   00:0000    00:0001    0002(2)           (absolute)
      S CODE   00:0002    00:0003    0002(2)           (absolute)
      S CODE   00:0004    00:0005    0002(2)           (absolute)
      S CODE   00:0006    00:0007    0002(2)           $$ExtInt_ISR$main
      S CODE   00:0008    00:0009    0002(2)           (absolute)
      S CODE   00:000A    00:000B    0002(2)           $$_intUndefHdr$irq
      S CODE   00:000C    00:0077    006C(108)         (absolute)
      S TABLE  00:0078    00:009F    0028(40)          $$NINITTAB
      S TABLE  00:00A0    00:00A7    0008(8)           $$init_info
      S TABLE  00:00A8    00:00A9    0002(2)           $$init_info_end
      S TABLE  00:00AA    00:00B3    000A(10)          $$TAB_uartSetParam$main
      S CODE   00:00B4    00:00DD    002A(42)          $$uart_PortSet$uart
      S CODE   00:00DE    00:00F9    001C(28)          $$_intT16HINT$irq
      S CODE   00:00FA    00:0115    001C(28)          $$_intPB0INT$irq
      S CODE   00:0116    00:0131    001C(28)          $$_intPB1INT$irq
      S CODE   00:0132    00:0241    0110(272)         $$uart_continue$uart
      S CODE   00:0242    00:025D    001C(28)          $$_intPA0INT$irq
      S CODE   00:025E    00:0279    001C(28)          $$_intPA1INT$irq
      S CODE   00:027A    00:0295    001C(28)          $$_intCMP1INT$irq
      S CODE   00:0296    00:029D    0008(8)           $$main_reqNotHalt$main
      S CODE   00:029E    00:02B9    001C(28)          $$_intCMP0INT$irq
      S CODE   00:02BA    00:02BD    0004(4)           $$_intUart$main
      S CODE   00:02BE    00:02F3    0036(54)          $$feram_init$main
      S CODE   00:02F4    00:02F4    0000(0)           $$content_of_init
      S CODE   00:02F4    00:02F5    0002(2)           $$end_of_init
      S CODE   00:02F6    00:0303    000E(14)          $$uart_ErrSet$uart
      S CODE   00:0304    00:031F    001C(28)          $$_intTM8INT$irq
      S CODE   00:0320    00:033B    001C(28)          $$_intTM9INT$irq
      S CODE   00:033C    00:0357    001C(28)          $$_intTMEINT$irq
      S CODE   00:0358    00:0373    001C(28)          $$_intTMAINT$irq
      S CODE   00:0374    00:038F    001C(28)          $$_intUA0INT$irq
      S CODE   00:0390    00:03AB    001C(28)          $$_intUA1INT$irq
      S CODE   00:03AC    00:03CF    0024(36)          $$NOPx$main
      S CODE   00:03D0    00:03E3    0014(20)          $$main_clrWDT$main
      S CODE   00:03E4    00:0415    0032(50)          $$irq_setHdr$irq
      S CODE   00:0416    00:0429    0014(20)          $$TMREF_ISR$main
      S CODE   00:042A    00:042D    0004(4)           $$irq_di$irq
      S CODE   00:042E    00:0431    0004(4)           $$irq_ei$irq
      S CODE   00:0432    00:0439    0008(8)           $$TBC_ISR$main
      S CODE   00:043A    00:0455    001C(28)          $$_intT2HINT$irq
      S CODE   00:0456    00:0457    0002(2)           $$_intNullHdr$irq
      S CODE   00:0458    00:05A9    0152(338)         $$uart_init$uart
      S CODE   00:05AA    00:05D3    002A(42)          $$uart_PortClear$uart
      S CODE   00:05D4    00:05E7    0014(20)          $$TMR89_ISR$main
      S CODE   00:05E8    00:06AB    00C4(196)         $$PortB_Low$main
      S CODE   00:06AC    00:06BF    0014(20)          $$TMRAB_ISR$main
      S CODE   00:06C0    00:07F5    0136(310)         $$i2c_init$i2c
      S CODE   00:07F6    00:0811    001C(28)          $$_intPWDINT$irq
      S CODE   00:0812    00:082D    001C(28)          $$_intPWEINT$irq
      S CODE   00:082E    00:0849    001C(28)          $$_intPWFINT$irq
      S CODE   00:084A    00:0895    004C(76)          $$PortA_Low$main
      S CODE   00:0896    00:08B1    001C(28)          $$_intPWCINT$irq
      S CODE   00:08B2    00:08E9    0038(56)          $$tm_init$timer
      S CODE   00:08EA    00:0909    0020(32)          $$uldivu8sw
      S CODE   00:090A    00:0913    000A(10)          $$_branchHdr$irq
      S CODE   00:0914    00:0941    002E(46)          $$main$main
      S CODE   00:0942    00:095D    001C(28)          $$uart_stop$uart
      S CODE   00:095E    00:09C1    0064(100)         $$PortC_Low$main
      S CODE   00:09C2    00:0A01    0040(64)          $$cidimou8sw
      S CODE   00:0A02    00:0C69    0268(616)         $$Initialization$main
      S CODE   00:0C6A    00:0C71    0008(8)           $$_intADC$main
      S CODE   00:0C72    00:0C7D    000C(12)          $$uidivu8sw
      S CODE   00:0C7E    00:0C89    000C(12)          $$_intI2c$main
      S CODE   00:0C8A    00:0EF9    0270(624)         $$i2c_continue$i2c
      S CODE   00:0EFA    00:0F15    001C(28)          $$_intPB2INT$irq
      S CODE   00:0F16    00:0F31    001C(28)          $$_intPB3INT$irq
      S CODE   00:0F32    00:0F4D    001C(28)          $$_intPA2INT$irq
      S CODE   00:0F4E    00:0F69    001C(28)          $$_intT32HINT$irq
      S CODE   00:0F6A    00:0F85    001C(28)          $$_intVLSINT$irq
      S CODE   00:0F86    00:0FA5    0020(32)          $$SetOSC$main
      S CODE   00:0FA6    00:0FC1    001C(28)          $$_intSADINT$irq
      S CODE   00:0FC2    00:0FDD    001C(28)          $$_intT128HINT$irq
      S CODE   00:0FDE    00:0FF7    001A(26)          $$_intWDTINT$irq
      S CODE   00:0FF8    00:1013    001C(28)          $$_intTMFINT$irq
      S CODE   00:1014    00:102F    001C(28)          $$_intTMBINT$irq
      S CODE   00:1030    00:104B    001C(28)          $$_intI2CSINT$irq
      S CODE   00:104C    00:1067    001C(28)          $$_intSIO0INT$irq
      S CODE   00:1068    00:10F7    0090(144)         $$NCODml610111sw
      S CODE   00:10F8    00:1125    002E(46)          $$div32u8sw
      S CODE   00:1126    00:1141    001C(28)          $$_intI2CMINT$irq
>GAP<          00:1142    00:5FDF    4E9E(20126)       (ROM)
      S CODE   00:5FE0    00:5FFF    0020(32)          (absolute)


Link Map - Data memory space #0

      Type     Start      Stop       Size              Name
     -------------------------------------------------------
      Q ROMWIN 00:0000    00:5FFF    6000(24576)       (ROMWIN)
>GAP<          00:E000.0  00:E693.7  0694.0(1684.0)    (RAM)
      S DATA   00:E694    00:E793    0100(256)         $STACK
      S DATA   00:E794    00:E794    0001(1)           $$NVARuart
>GAP<          00:E795.0  00:E795.7  0001.0(1.0)       (RAM)
      S DATA   00:E796    00:E7D3    003E(62)          $$NVARirq
      C DATA   00:E7D4    00:E7D4    0001(1)           __flgADCFin
      C DATA   00:E7D5    00:E7D5    0001(1)           __reqNotHalt
      S DATA   00:E7D6    00:E7FD    0028(40)          $$NINITVAR
      C DATA   00:E7FE    00:E7FE    0001(1)           __flgI2CFin
      C DATA   00:E7FF    00:E7FF    0001(1)           __flgUartFin
      Q SFR    00:F000    00:FFFF    1000(4096)        (SFR)


Link Map - Memory space above #1

      Type     Start      Stop       Size              Name
     -------------------------------------------------------
 ---
      S TABLE  02:0000    02:0FFF    1000(4096)        (absolute)
 ---
      S TABLE  08:0000    08:5FFF    6000(24576)       (absolute)
 ---
      S TABLE  0A:0000    0A:0FFF    1000(4096)        (absolute)


Not Linked segments:

      Module Name         Type       Size              Segment Name 
     --------------------------------------------------------------
      i2c
                          CODE       0006(6)           $$i2c_getTransSize$i2c
                          CODE       0088(136)         $$i2c_startReceive$i2c
                          CODE       002E(46)          $$i2c_stop$i2c
                          CODE       0020(32)          $$i2c_checkIRQ$i2c
                          CODE       0006(6)           $$i2c_clearIRQ$i2c
                          CODE       007A(122)         $$i2c_startSend$i2c
     --------------------------------------------------------------
      irq
                          CODE       0064(100)         $$irq_init$irq
     --------------------------------------------------------------
      main
                          CODE       000E(14)          $$PWM_B0_ON$main
                          CODE       0012(18)          $$_funcI2CFin$main
                          CODE       0030(48)          $$PinB0_PWM$main
                          CODE       001A(26)          $$analog_comparator$main
                          CODE       0002(2)           $$Jerrys_Function$main
                          CODE       0040(64)          $$PortA_Digital_Inputs$main
                          CODE       0012(18)          $$_funcUartFin$main
                          CODE       009C(156)         $$UART_TX_TEST$main
                          CODE       006C(108)         $$UART_RX_TEST$main
                          CODE       0064(100)         $$feram_write$main
     --------------------------------------------------------------
      uart
                          CODE       0006(6)           $$uart_clearIRQ$uart
                          CODE       0020(32)          $$uart_checkIRQ$uart
                          CODE       0056(86)          $$uart_startSend$uart
                          CODE       0008(8)           $$uart_ErrClr$uart
                          CODE       0006(6)           $$uart_ErrGet$uart
                          CODE       0006(6)           $$uart_getTransSize$uart
                          CODE       0042(66)          $$uart_startReceive$uart
     --------------------------------------------------------------


Total size (CODE  ) = 01126   (4390)
Total size (DATA  ) = 0016B   (363)
Total size (BIT   ) = 00000.0 (0.0)
Total size (NVDATA) = 00000   (0)
Total size (NVBIT ) = 00000.0 (0.0)
Total size (TABLE ) = 0803C   (32828)

          -----------------------
           Symbol Table Synopsis
          -----------------------

Module         Value     Type         Symbol
------         -----     ----------   ------
i2c
               00:0C8A   Pub CODE     _i2c_continue
               00:06C0   Pub CODE     _i2c_init
               00:E7D6   Loc DATA     __gsCtrlParam

Module         Value     Type         Symbol
------         -----     ----------   ------
irq
               00:027A   Loc CODE     __intCMP1INT
               00:0F4E   Loc CODE     __intT32HINT
               00:029E   Loc CODE     __intCMP0INT
               00:0304   Loc CODE     __intTM8INT
               00:0320   Loc CODE     __intTM9INT
               00:0FC2   Loc CODE     __intT128HINT
               00:043A   Loc CODE     __intT2HINT
               00:1126   Loc CODE     __intI2CMINT
               00:0FDE   Loc CODE     __intWDTINT
               00:0242   Loc CODE     __intPA0INT
               00:0358   Loc CODE     __intTMAINT
               00:025E   Loc CODE     __intPA1INT
               00:104C   Loc CODE     __intSIO0INT
               00:1030   Loc CODE     __intI2CSINT
               00:0FA6   Loc CODE     __intSADINT
               00:00FA   Loc CODE     __intPB0INT
               00:090A   Loc CODE     __branchHdr
               00:033C   Loc CODE     __intTMEINT
               00:0116   Loc CODE     __intPB1INT
               00:1014   Loc CODE     __intTMBINT
               00:0F32   Loc CODE     __intPA2INT
               00:00DE   Loc CODE     __intT16HINT
               00:0FF8   Loc CODE     __intTMFINT
               00:0EFA   Loc CODE     __intPB2INT
               00:0F16   Loc CODE     __intPB3INT
               00:07F6   Loc CODE     __intPWDINT
               00:0812   Loc CODE     __intPWEINT
               00:0896   Loc CODE     __intPWCINT
               00:0374   Loc CODE     __intUA0INT
               00:000A   Loc CODE     __intUndefHdr
               00:0390   Loc CODE     __intUA1INT
               00:082E   Loc CODE     __intPWFINT
               00:0F6A   Loc CODE     __intVLSINT
               00:042A   Pub CODE     _irq_di
               00:042E   Pub CODE     _irq_ei
               00:03E4   Pub CODE     _irq_setHdr
               00:0456   Loc CODE     __intNullHdr
               00:E796   Loc DATA     __sIrqHdr

Module         Value     Type         Symbol
------         -----     ----------   ------
main
               00:02BE   Pub CODE     _feram_init
               00:03D0   Pub CODE     _main_clrWDT
               00:0296   Pub CODE     _main_reqNotHalt
               00:03AC   Pub CODE     _NOPx
               00:0914   Pub CODE     _main
               00:095E   Pub CODE     _PortC_Low
               00:05E8   Pub CODE     _PortB_Low
               00:084A   Pub CODE     _PortA_Low
               00:0006   Loc CODE     _ExtInt_ISR
               00:0432   Loc CODE     _TBC_ISR
               00:06AC   Loc CODE     _TMRAB_ISR
               00:0A02   Loc CODE     _Initialization
               00:02BA   Loc CODE     __intUart
               00:0C7E   Loc CODE     __intI2c
               00:0F86   Loc CODE     _SetOSC
               00:0C6A   Loc CODE     __intADC
               00:05D4   Loc CODE     _TMR89_ISR
               00:0416   Loc CODE     _TMREF_ISR
               00:00AA   Loc TABLE    __uartSetParam
               00:E7E6   Loc DATA     __gsCtrlParam

Module         Value     Type         Symbol
------         -----     ----------   ------
ml610111
              0000E7FF   Loc NUMBER   NEAR_RAM_END
              0000E000   Loc NUMBER   NEAR_RAM_START
               00:108A   Loc CODE     __wdtcounter_clear
              000000FF   Loc NUMBER   _$$WINVAL
               00:5FFF   Loc TABLE    _$$ROMWINEND
               00:106C   Loc CODE     $begin
               00:0000   Loc TABLE    _$$ROMWINSTART
               00:109E   Loc CODE     __init_loop
               00:10EA   Loc CODE     __init_end
               00:106A   Loc CODE     $$brk_reset
               00:10AA   Loc CODE     __skip
               00:10C6   Loc CODE     __init_loop2
               00:10D8   Loc CODE     __loop_by_byte
               00:107A   Loc CODE     __near_ram_loop
               00:1068   Pub CODE     $$start_up


Module         Value     Type         Symbol
------         -----     ----------   ------
tbc

Module         Value     Type         Symbol
------         -----     ----------   ------
timer
               00:08B2   Pub CODE     _tm_init

Module         Value     Type         Symbol
------         -----     ----------   ------
uart
               00:00B4   Pub CODE     _uart_PortSet
               00:0458   Pub CODE     _uart_init
               00:02F6   Pub CODE     _uart_ErrSet
               00:0942   Pub CODE     _uart_stop
               00:0132   Pub CODE     _uart_continue
               00:05AA   Pub CODE     _uart_PortClear
               00:E794   Loc DATA     __Err_Status
               00:E7F4   Loc DATA     __gsCtrlParam

End of mapfile.
